// Jest Snapshot v1, https://goo.gl/fbAQLP

exports[`should render not found page correctly 1`] = `
<div>
  <h1>
    Not found
  </h1>
  <Link
    to="/"
  />
</div>
`;
